// Jest Snapshot v1, https://goo.gl/fbAQLP

exports[`not found component snapshot renders correctly 1`] = `
<div
  className="MuiContainer-root MuiContainer-maxWidthMd css-1dkqphj-MuiContainer-root"
>
  <div
    className="css-1jzjeo-MuiStack-root"
  >
    <h1
      className="MuiTypography-root MuiTypography-h1 css-o2w69a-MuiTypography-root"
    >
      Oops!
    </h1>
    <h3
      className="MuiTypography-root MuiTypography-h3 css-gepadz-MuiTypography-root"
    >
      We can't seem to find the page you're looking for.
    </h3>
    <a
      href="/"
      onClick={[Function]}
    >
      <button
        className="MuiButton-root MuiButton-contained MuiButton-containedPrimary MuiButton-sizeMedium MuiButton-containedSizeMedium MuiButton-fullWidth MuiButtonBase-root  css-1fu7jd5-MuiButtonBase-root-MuiButton-root"
        disabled={false}
        onBlur={[Function]}
        onContextMenu={[Function]}
        onDragLeave={[Function]}
        onFocus={[Function]}
        onKeyDown={[Function]}
        onKeyUp={[Function]}
        onMouseDown={[Function]}
        onMouseLeave={[Function]}
        onMouseUp={[Function]}
        onTouchEnd={[Function]}
        onTouchMove={[Function]}
        onTouchStart={[Function]}
        tabIndex={0}
        type="button"
      >
        Return To Home
      </button>
    </a>
  </div>
</div>
`;
